{
  "status": "FAILED",
  "vivado_status": null,
  "final_report": "/u/mjha1/agentic-npu-rtl/multigent/runs/run-20260911-201051-80ee78/reports/final.json",
  "errors": [
    "Verifier claims readiness without referencing required contract-visible completion/error signals: done, error"
  ],
  "architecture_status": "READY",
  "architecture_version": 1,
  "architecture_revision": 0,
  "rtl_status": "RTL_GENERATED",
  "rtl_files": [
    "tiled_int8_fc.sv"
  ],
  "verifier_status": "SEMANTIC_VALIDATION_FAILED",
  "verification_status": "PENDING",
  "debugger_status": null,
  "repair_iteration": 0,
  "failure_class": null,
  "architecture_conflict": null
}
