{
  "status": "SUCCESS",
  "vivado_status": null,
  "final_report": "/u/mjha1/agentic-npu-rtl-integration/multigent/runs/run-20260916-084820-cad227/reports/final.json",
  "errors": [
    "Verifier TB review structure is invalid: Every Verifier-authored assert needs a feature comment immediately above it; line 64"
  ],
  "architecture_status": "READY",
  "architecture_version": 1,
  "architecture_revision": 0,
  "rtl_status": "RTL_GENERATED",
  "rtl_files": [
    "u8_registered_adder.sv"
  ],
  "verifier_status": "VERIFICATION_READY",
  "verification_status": "PASS",
  "debugger_status": null,
  "repair_iteration": 0,
  "failure_class": null,
  "architecture_conflict": null
}
