{
  "status": "FAILED",
  "vivado_status": null,
  "final_report": "/u/mjha1/agentic-npu-rtl/multigent/runs/run-20260911-204047-7bd8e1/reports/final.json",
  "errors": [
    "Independent Testbench Generator output has no recognized references to required contract-visible completion/error signals (use handle reads, getattr, or snapshot assertions in tests/helpers): out_error, out_last, out_valid"
  ],
  "architecture_status": "READY",
  "architecture_version": 1,
  "architecture_revision": 0,
  "rtl_status": "RTL_GENERATED",
  "rtl_files": [
    "stream_matvec_int8_16.sv",
    "int8_mac16_bank.sv",
    "int32_bias_relu.sv"
  ],
  "verifier_status": "SEMANTIC_VALIDATION_FAILED",
  "verification_status": "PENDING",
  "debugger_status": null,
  "repair_iteration": 0,
  "failure_class": null,
  "architecture_conflict": null
}
